2026-08-26 10:31:06,997 [WARNING] AsilCrawler | 법정동코드_서울.csv 가 없어 테스트용 3개로 진행합니다
2026-08-26 10:31:06,998 [INFO] AsilCrawler | [1단계] 시작 — 행정동 3개 · 지연 0.7초
2026-08-26 10:31:07,473 [INFO] AsilCrawler | [1/3] 1174010600 · 25건 · 누적 25건
2026-08-26 10:31:08,516 [INFO] AsilCrawler | [2/3] 1174010900 · 70건 · 누적 95건
2026-08-26 10:31:09,405 [INFO] AsilCrawler | [3/3] 1174011000 · 28건 · 누적 123건
2026-08-26 10:31:10,138 [INFO] AsilCrawler | [1단계] 완료 — 성공 3 · 실패 0 · 건너뜀 0
2026-08-26 10:31:10,138 [INFO] AsilCrawler | apts.csv 저장 (123건)
2026-08-26 10:31:10,161 [WARNING] AsilCrawler | 검증 모드 — 존재하지 않는 seq 3건 주입 (저장에선 제외)
2026-08-26 10:31:10,162 [INFO] AsilCrawler | [2단계] 시작 — 대상 126건 / 전체 126건
2026-08-26 10:31:10,273 [INFO] AsilCrawler | [1/126] seq=___없는seq_0___ 매물 없음 — 건너뜀
2026-08-26 10:31:11,089 [INFO] AsilCrawler | [2/126] seq=___없는seq_1___ 매물 없음 — 건너뜀
2026-08-26 10:31:11,888 [INFO] AsilCrawler | [3/126] seq=___없는seq_2___ 매물 없음 — 건너뜀
2026-08-26 10:31:12,684 [INFO] AsilCrawler | [4/126] seq=249597 매물 없음 — 건너뜀
2026-08-26 10:31:13,503 [INFO] AsilCrawler | [5/126] seq=20178615 매물 없음 — 건너뜀
2026-08-26 10:31:15,819 [INFO] AsilCrawler | [6/126] seq=20453448 · 26건 · 누적 26건
2026-08-26 10:31:17,337 [INFO] AsilCrawler | [7/126] seq=20446904 · 16건 · 누적 42건
2026-08-26 10:31:18,841 [INFO] AsilCrawler | [8/126] seq=1575 · 6건 · 누적 48건
2026-08-26 10:31:19,649 [INFO] AsilCrawler | [9/126] seq=1603 매물 없음 — 건너뜀
2026-08-26 10:31:21,153 [INFO] AsilCrawler | [10/126] seq=1615 · 14건 · 누적 62건
2026-08-26 10:31:22,667 [INFO] AsilCrawler | [11/126] seq=1606 · 18건 · 누적 80건
2026-08-26 10:31:24,170 [INFO] AsilCrawler | [12/126] seq=1605 · 3건 · 누적 83건
2026-08-26 10:31:24,972 [INFO] AsilCrawler | [13/126] seq=50551 매물 없음 — 건너뜀
2026-08-26 10:31:26,477 [INFO] AsilCrawler | [14/126] seq=20126613 · 4건 · 누적 87건
2026-08-26 10:31:28,795 [INFO] AsilCrawler | [15/126] seq=1609 · 24건 · 누적 111건
2026-08-26 10:31:30,301 [INFO] AsilCrawler | [16/126] seq=50546 · 5건 · 누적 116건
2026-08-26 10:31:32,634 [INFO] AsilCrawler | [17/126] seq=1610 · 26건 · 누적 142건
2026-08-26 10:31:33,434 [INFO] AsilCrawler | [18/126] seq=1604 매물 없음 — 건너뜀
2026-08-26 10:31:34,254 [INFO] AsilCrawler | [19/126] seq=12074130 매물 없음 — 건너뜀
2026-08-26 10:31:35,057 [INFO] AsilCrawler | [20/126] seq=12074073 매물 없음 — 건너뜀
2026-08-26 10:31:36,571 [INFO] AsilCrawler | [21/126] seq=20021323 · 1건 · 누적 143건
2026-08-26 10:31:37,405 [INFO] AsilCrawler | [22/126] seq=563308 매물 없음 — 건너뜀
2026-08-26 10:31:38,907 [INFO] AsilCrawler | [23/126] seq=1500075497 · 1건 · 누적 144건
2026-08-26 10:32:22,445 [INFO] AsilCrawler | [24/126] seq=1500073914 · 961건 · 누적 1105건
2026-08-26 10:32:23,958 [INFO] AsilCrawler | [25/126] seq=1589 · 13건 · 누적 1118건
2026-08-26 10:32:25,478 [INFO] AsilCrawler | [26/126] seq=1612 · 2건 · 누적 1120건
2026-08-26 10:32:26,279 [INFO] AsilCrawler | [27/126] seq=1613 매물 없음 — 건너뜀
2026-08-26 10:32:27,787 [INFO] AsilCrawler | [28/126] seq=20066937 · 1건 · 누적 1121건
2026-08-26 10:32:29,293 [INFO] AsilCrawler | [29/126] seq=1500074838 · 3건 · 누적 1124건
2026-08-26 10:32:30,104 [INFO] AsilCrawler | [30/126] seq=2500096759 매물 없음 — 건너뜀
2026-08-26 10:32:30,909 [INFO] AsilCrawler | [31/126] seq=2500106913 매물 없음 — 건너뜀
2026-08-26 10:32:35,769 [INFO] AsilCrawler | [32/126] seq=1500071349 · 88건 · 누적 1212건
2026-08-26 10:32:37,274 [INFO] AsilCrawler | [33/126] seq=20065634 · 3건 · 누적 1215건
2026-08-26 10:32:38,076 [INFO] AsilCrawler | [34/126] seq=2500050404 매물 없음 — 건너뜀
2026-08-26 10:32:38,889 [INFO] AsilCrawler | [35/126] seq=249644 매물 없음 — 건너뜀
2026-08-26 10:32:39,689 [INFO] AsilCrawler | [36/126] seq=2500050390 매물 없음 — 건너뜀
2026-08-26 10:32:41,227 [INFO] AsilCrawler | [37/126] seq=20323378 · 20건 · 누적 1235건
2026-08-26 10:32:42,026 [INFO] AsilCrawler | [38/126] seq=20019987 매물 없음 — 건너뜀
2026-08-26 10:32:42,844 [INFO] AsilCrawler | [39/126] seq=20116765 매물 없음 — 건너뜀
2026-08-26 10:32:44,356 [INFO] AsilCrawler | [40/126] seq=20064875 · 9건 · 누적 1244건
2026-08-26 10:32:45,164 [INFO] AsilCrawler | [41/126] seq=1720 매물 없음 — 건너뜀
2026-08-26 10:32:46,661 [INFO] AsilCrawler | [42/126] seq=1700 · 3건 · 누적 1247건
2026-08-26 10:32:47,472 [INFO] AsilCrawler | [43/126] seq=20359320 매물 없음 — 건너뜀
2026-08-26 10:32:48,273 [INFO] AsilCrawler | [44/126] seq=2500050427 매물 없음 — 건너뜀
2026-08-26 10:32:49,076 [INFO] AsilCrawler | [45/126] seq=1701 매물 없음 — 건너뜀
2026-08-26 10:32:50,581 [INFO] AsilCrawler | [46/126] seq=2500050403 · 2건 · 누적 1249건
2026-08-26 10:32:52,085 [INFO] AsilCrawler | [47/126] seq=20064804 · 4건 · 누적 1253건
2026-08-26 10:32:53,590 [INFO] AsilCrawler | [48/126] seq=1500074821 · 1건 · 누적 1254건
2026-08-26 10:32:54,390 [INFO] AsilCrawler | [49/126] seq=1727 매물 없음 — 건너뜀
2026-08-26 10:32:55,191 [INFO] AsilCrawler | [50/126] seq=12075656 매물 없음 — 건너뜀
2026-08-26 10:32:56,000 [INFO] AsilCrawler | [51/126] seq=1702 매물 없음 — 건너뜀
2026-08-26 10:32:56,798 [INFO] AsilCrawler | [52/126] seq=1703 매물 없음 — 건너뜀
2026-08-26 10:32:57,620 [INFO] AsilCrawler | [53/126] seq=2500050388 매물 없음 — 건너뜀
2026-08-26 10:32:58,421 [INFO] AsilCrawler | [54/126] seq=249649 매물 없음 — 건너뜀
2026-08-26 10:33:00,757 [INFO] AsilCrawler | [55/126] seq=20355515 · 34건 · 누적 1288건
2026-08-26 10:33:01,565 [INFO] AsilCrawler | [56/126] seq=20433190 매물 없음 — 건너뜀
2026-08-26 10:33:03,069 [INFO] AsilCrawler | [57/126] seq=20400508 · 3건 · 누적 1291건
2026-08-26 10:33:04,600 [INFO] AsilCrawler | [58/126] seq=20459781 · 14건 · 누적 1305건
2026-08-26 10:33:05,407 [INFO] AsilCrawler | [59/126] seq=2500050425 매물 없음 — 건너뜀
2026-08-26 10:33:06,217 [INFO] AsilCrawler | [60/126] seq=1705 매물 없음 — 건너뜀
2026-08-26 10:33:07,021 [INFO] AsilCrawler | [61/126] seq=1712 매물 없음 — 건너뜀
2026-08-26 10:33:07,821 [INFO] AsilCrawler | [62/126] seq=2500050400 매물 없음 — 건너뜀
2026-08-26 10:33:08,623 [INFO] AsilCrawler | [63/126] seq=2500050396 매물 없음 — 건너뜀
2026-08-26 10:33:10,121 [INFO] AsilCrawler | [64/126] seq=20427701 · 1건 · 누적 1306건
2026-08-26 10:33:11,616 [INFO] AsilCrawler | [65/126] seq=20020026 · 3건 · 누적 1309건
2026-08-26 10:33:12,410 [INFO] AsilCrawler | [66/126] seq=20394648 매물 없음 — 건너뜀
2026-08-26 10:33:13,913 [INFO] AsilCrawler | [67/126] seq=20385852 · 1건 · 누적 1310건
2026-08-26 10:33:14,723 [INFO] AsilCrawler | [68/126] seq=1707 매물 없음 — 건너뜀
2026-08-26 10:33:15,540 [INFO] AsilCrawler | [69/126] seq=256632 매물 없음 — 건너뜀
2026-08-26 10:33:16,350 [INFO] AsilCrawler | [70/126] seq=1708 매물 없음 — 건너뜀
2026-08-26 10:33:17,178 [INFO] AsilCrawler | [71/126] seq=12075772 매물 없음 — 건너뜀
2026-08-26 10:33:18,698 [INFO] AsilCrawler | [72/126] seq=2500097711 · 5건 · 누적 1315건
2026-08-26 10:33:19,504 [INFO] AsilCrawler | [73/126] seq=2500097712 매물 없음 — 건너뜀
2026-08-26 10:33:20,320 [INFO] AsilCrawler | [74/126] seq=2500050395 매물 없음 — 건너뜀
2026-08-26 10:33:21,136 [INFO] AsilCrawler | [75/126] seq=1709 매물 없음 — 건너뜀
2026-08-26 10:33:22,650 [INFO] AsilCrawler | [76/126] seq=1710 · 2건 · 누적 1317건
2026-08-26 10:33:23,459 [INFO] AsilCrawler | [77/126] seq=20392914 매물 없음 — 건너뜀
2026-08-26 10:33:24,270 [INFO] AsilCrawler | [78/126] seq=20020083 매물 없음 — 건너뜀
2026-08-26 10:33:25,085 [INFO] AsilCrawler | [79/126] seq=1711 매물 없음 — 건너뜀
2026-08-26 10:33:26,626 [INFO] AsilCrawler | [80/126] seq=1704 · 2건 · 누적 1319건
2026-08-26 10:33:27,536 [INFO] AsilCrawler | [81/126] seq=20455234 매물 없음 — 건너뜀
2026-08-26 10:33:28,474 [INFO] AsilCrawler | [82/126] seq=20428155 매물 없음 — 건너뜀
2026-08-26 10:33:30,112 [INFO] AsilCrawler | [83/126] seq=2500053663 · 2건 · 누적 1321건
2026-08-26 10:33:30,936 [INFO] AsilCrawler | [84/126] seq=249635 매물 없음 — 건너뜀
2026-08-26 10:33:32,449 [INFO] AsilCrawler | [85/126] seq=249637 · 4건 · 누적 1325건
2026-08-26 10:33:33,269 [INFO] AsilCrawler | [86/126] seq=1706 매물 없음 — 건너뜀
2026-08-26 10:33:34,779 [INFO] AsilCrawler | [87/126] seq=1714 · 1건 · 누적 1326건
2026-08-26 10:33:35,583 [INFO] AsilCrawler | [88/126] seq=2500052938 매물 없음 — 건너뜀
2026-08-26 10:33:36,408 [INFO] AsilCrawler | [89/126] seq=2500050417 매물 없음 — 건너뜀
2026-08-26 10:33:37,209 [INFO] AsilCrawler | [90/126] seq=1723 매물 없음 — 건너뜀
2026-08-26 10:33:38,023 [INFO] AsilCrawler | [91/126] seq=20343588 매물 없음 — 건너뜀
2026-08-26 10:33:38,831 [INFO] AsilCrawler | [92/126] seq=20172108 매물 없음 — 건너뜀
2026-08-26 10:33:40,333 [INFO] AsilCrawler | [93/126] seq=1716 · 1건 · 누적 1327건
2026-08-26 10:33:41,845 [INFO] AsilCrawler | [94/126] seq=1717 · 1건 · 누적 1328건
2026-08-26 10:33:43,358 [INFO] AsilCrawler | [95/126] seq=1718 · 7건 · 누적 1335건
2026-08-26 10:33:44,182 [INFO] AsilCrawler | [96/126] seq=20359308 매물 없음 — 건너뜀
2026-08-26 10:33:45,688 [INFO] AsilCrawler | [97/126] seq=20441320 · 1건 · 누적 1336건
2026-08-26 10:33:46,494 [INFO] AsilCrawler | [98/126] seq=2500050416 매물 없음 — 건너뜀
2026-08-26 10:33:48,821 [INFO] AsilCrawler | [99/126] seq=20412014 · 21건 · 누적 1357건
2026-08-26 10:33:49,632 [INFO] AsilCrawler | [100/126] seq=20417020 매물 없음 — 건너뜀
2026-08-26 10:33:50,445 [INFO] AsilCrawler | [101/126] seq=20416990 매물 없음 — 건너뜀
2026-08-26 10:33:51,955 [INFO] AsilCrawler | [102/126] seq=20417175 · 1건 · 누적 1358건
2026-08-26 10:33:52,762 [INFO] AsilCrawler | [103/126] seq=20417027 매물 없음 — 건너뜀
2026-08-26 10:33:54,271 [INFO] AsilCrawler | [104/126] seq=20116563 · 4건 · 누적 1362건
2026-08-26 10:33:55,078 [INFO] AsilCrawler | [105/126] seq=20330305 매물 없음 — 건너뜀
2026-08-26 10:33:56,588 [INFO] AsilCrawler | [106/126] seq=20116298 · 2건 · 누적 1364건
2026-08-26 10:33:58,111 [INFO] AsilCrawler | [107/126] seq=20116299 · 3건 · 누적 1367건
2026-08-26 10:33:59,651 [INFO] AsilCrawler | [108/126] seq=20116301 · 2건 · 누적 1369건
2026-08-26 10:34:01,168 [INFO] AsilCrawler | [109/126] seq=20116300 · 7건 · 누적 1376건
2026-08-26 10:34:02,684 [INFO] AsilCrawler | [110/126] seq=20121562 · 19건 · 누적 1395건
2026-08-26 10:34:04,195 [INFO] AsilCrawler | [111/126] seq=20116302 · 3건 · 누적 1398건
2026-08-26 10:34:05,708 [INFO] AsilCrawler | [112/126] seq=20120625 · 3건 · 누적 1401건
2026-08-26 10:34:07,217 [INFO] AsilCrawler | [113/126] seq=20116303 · 1건 · 누적 1402건
2026-08-26 10:34:08,034 [INFO] AsilCrawler | [114/126] seq=20116564 매물 없음 — 건너뜀
2026-08-26 10:34:08,834 [INFO] AsilCrawler | [115/126] seq=2500068170 매물 없음 — 건너뜀
2026-08-26 10:34:09,633 [INFO] AsilCrawler | [116/126] seq=2500050446 매물 없음 — 건너뜀
2026-08-26 10:34:10,430 [INFO] AsilCrawler | [117/126] seq=2500050454 매물 없음 — 건너뜀
2026-08-26 10:34:11,229 [INFO] AsilCrawler | [118/126] seq=2500053519 매물 없음 — 건너뜀
2026-08-26 10:34:12,736 [INFO] AsilCrawler | [119/126] seq=20135047 · 7건 · 누적 1409건
2026-08-26 10:34:14,245 [INFO] AsilCrawler | [120/126] seq=20135043 · 9건 · 누적 1418건
2026-08-26 10:34:15,045 [INFO] AsilCrawler | [121/126] seq=2500053662 매물 없음 — 건너뜀
2026-08-26 10:34:15,856 [INFO] AsilCrawler | [122/126] seq=2500050449 매물 없음 — 건너뜀
2026-08-26 10:34:16,659 [INFO] AsilCrawler | [123/126] seq=2500050447 매물 없음 — 건너뜀
2026-08-26 10:34:18,165 [INFO] AsilCrawler | [124/126] seq=2500054125 · 1건 · 누적 1419건
2026-08-26 10:34:18,973 [INFO] AsilCrawler | [125/126] seq=20400509 매물 없음 — 건너뜀
2026-08-26 10:34:20,494 [INFO] AsilCrawler | [126/126] seq=20448617 · 16건 · 누적 1435건
2026-08-26 10:34:21,228 [INFO] AsilCrawler | [2단계] 완료 — 성공 56 · 실패 0 · 건너뜀 70
2026-08-26 10:34:21,229 [INFO] AsilCrawler | 남은 pending 0건
2026-08-26 10:34:21,231 [INFO] AsilCrawler | [최종] 아실 매물 크롤링 완료
